// Jest Snapshot v1, https://goo.gl/fbAQLP

exports[`Pruebas en el componente <AddCategoria/> Debe mostrarse correctamente 1`] = `
<form
  onSubmit={[Function]}
>
  <input
    onChange={[Function]}
    placeholder="Ingrese su personaje favorito"
    type="text"
    value=""
  />
</form>
`;
